gplink-0.14.2 #711 (Jul 26 2012)
Map File - Created 8-15-2013  17:47:47
 
                                 Section Info
                  Section       Type    Address   Location Size(Bytes)
                ---------  ---------  ---------  ---------  ---------
          S_crt0i___entry       code   00000000    program   0x000004
                 .idata_i       code   0x000004    program   0x000002
      S_mce3_ivec_0x1_isr       code   0x000008    program   0x000004
        S_crt0i___startup       code   0x00000c    program   0x00009e
              S_mce3__isr       code   0x0000aa    program   0x00008a
             S_mce3__main       code   0x000134    program   0x00003e
                   .cinit       code   0x000172    program   0x00000e
                  .config       code   0x300000    program   0x00000e
                   .idata      idata   0x000f00       data   0x000002
               .registers      udata   00000000       data   0x000001
            stack_section      udata   0x000700       data   0x000100
     ustat_pic18f46k20_00      udata   0x000f77       data   0x00000e
     ustat_pic18f46k20_01      udata   0x000f89       data   0x000005
     ustat_pic18f46k20_02      udata   0x000f92       data   0x000005
     ustat_pic18f46k20_03      udata   0x000f9b       data   0x000001
     ustat_pic18f46k20_04      udata   0x000f9d       data   0x000006
     ustat_pic18f46k20_05      udata   0x000fa6       data   0x00002e
     ustat_pic18f46k20_06      udata   0x000fd5       data   0x00002b
 
                              Program Memory Usage
                               Start         End
                           ---------   ---------
                            0x300000    0x30000d
                            0x000004    0x000005
                            0x000008    0x00000b
                            0x000134    0x000171
                            0x0000aa    0x000133
                            00000000    0x000003
                            0x00000c    0x0000a9
                            0x000172    0x00017f
 
                            198 program addresses used
 
                              Symbols
                     Name    Address   Location    Storage File
                ---------  ---------  ---------  --------- ---------
                    _flag   0x000f00       data     extern mce3.c
                    r0x00   00000000       data     static mce3.c
             ivec_0x1_isr   0x000008    program     static mce3.c
                    _main   0x000134    program     extern mce3.c
               _00116_DS_   0x00016e    program     static mce3.c
                     _isr   0x0000aa    program     extern mce3.c
               _00106_DS_   0x0000f8    program     static mce3.c
               _00110_DS_   0x000108    program     static mce3.c
                ___uflags   0x000f01       data     extern crt0i.asm
                  __entry   00000000    program     extern crt0i.asm
                __startup   0x00000c    program     extern crt0i.asm
               entry_loop   0x000034    program     static crt0i.asm
                copy_loop   0x000082    program     static crt0i.asm
            copy_loop_dec   0x000088    program     static crt0i.asm
           entry_loop_dec   0x00009c    program     static crt0i.asm
                   lockup   0x0000a8    program     static crt0i.asm
                  _SSPMSK   0x000f77       data     extern libdev18f46k20_a-pic18f46k20.asm
              _SSPMSKbits   0x000f77       data     extern libdev18f46k20_a-pic18f46k20.asm
                  _SLRCON   0x000f78       data     extern libdev18f46k20_a-pic18f46k20.asm
              _SLRCONbits   0x000f78       data     extern libdev18f46k20_a-pic18f46k20.asm
                 _CM2CON1   0x000f79       data     extern libdev18f46k20_a-pic18f46k20.asm
             _CM2CON1bits   0x000f79       data     extern libdev18f46k20_a-pic18f46k20.asm
                 _CM2CON0   0x000f7a       data     extern libdev18f46k20_a-pic18f46k20.asm
             _CM2CON0bits   0x000f7a       data     extern libdev18f46k20_a-pic18f46k20.asm
                 _CM1CON0   0x000f7b       data     extern libdev18f46k20_a-pic18f46k20.asm
             _CM1CON0bits   0x000f7b       data     extern libdev18f46k20_a-pic18f46k20.asm
                    _WPUB   0x000f7c       data     extern libdev18f46k20_a-pic18f46k20.asm
                _WPUBbits   0x000f7c       data     extern libdev18f46k20_a-pic18f46k20.asm
                    _IOCB   0x000f7d       data     extern libdev18f46k20_a-pic18f46k20.asm
                _IOCBbits   0x000f7d       data     extern libdev18f46k20_a-pic18f46k20.asm
                   _ANSEL   0x000f7e       data     extern libdev18f46k20_a-pic18f46k20.asm
               _ANSELbits   0x000f7e       data     extern libdev18f46k20_a-pic18f46k20.asm
                  _ANSELH   0x000f7f       data     extern libdev18f46k20_a-pic18f46k20.asm
              _ANSELHbits   0x000f7f       data     extern libdev18f46k20_a-pic18f46k20.asm
                   _PORTA   0x000f80       data     extern libdev18f46k20_a-pic18f46k20.asm
               _PORTAbits   0x000f80       data     extern libdev18f46k20_a-pic18f46k20.asm
                   _PORTB   0x000f81       data     extern libdev18f46k20_a-pic18f46k20.asm
               _PORTBbits   0x000f81       data     extern libdev18f46k20_a-pic18f46k20.asm
                   _PORTC   0x000f82       data     extern libdev18f46k20_a-pic18f46k20.asm
               _PORTCbits   0x000f82       data     extern libdev18f46k20_a-pic18f46k20.asm
                   _PORTD   0x000f83       data     extern libdev18f46k20_a-pic18f46k20.asm
               _PORTDbits   0x000f83       data     extern libdev18f46k20_a-pic18f46k20.asm
                   _PORTE   0x000f84       data     extern libdev18f46k20_a-pic18f46k20.asm
               _PORTEbits   0x000f84       data     extern libdev18f46k20_a-pic18f46k20.asm
                    _LATA   0x000f89       data     extern libdev18f46k20_a-pic18f46k20.asm
                _LATAbits   0x000f89       data     extern libdev18f46k20_a-pic18f46k20.asm
                    _LATB   0x000f8a       data     extern libdev18f46k20_a-pic18f46k20.asm
                _LATBbits   0x000f8a       data     extern libdev18f46k20_a-pic18f46k20.asm
                    _LATC   0x000f8b       data     extern libdev18f46k20_a-pic18f46k20.asm
                _LATCbits   0x000f8b       data     extern libdev18f46k20_a-pic18f46k20.asm
                    _LATD   0x000f8c       data     extern libdev18f46k20_a-pic18f46k20.asm
                _LATDbits   0x000f8c       data     extern libdev18f46k20_a-pic18f46k20.asm
                    _LATE   0x000f8d       data     extern libdev18f46k20_a-pic18f46k20.asm
                _LATEbits   0x000f8d       data     extern libdev18f46k20_a-pic18f46k20.asm
                    _DDRA   0x000f92       data     extern libdev18f46k20_a-pic18f46k20.asm
                _DDRAbits   0x000f92       data     extern libdev18f46k20_a-pic18f46k20.asm
                   _TRISA   0x000f92       data     extern libdev18f46k20_a-pic18f46k20.asm
               _TRISAbits   0x000f92       data     extern libdev18f46k20_a-pic18f46k20.asm
                    _DDRB   0x000f93       data     extern libdev18f46k20_a-pic18f46k20.asm
                _DDRBbits   0x000f93       data     extern libdev18f46k20_a-pic18f46k20.asm
                   _TRISB   0x000f93       data     extern libdev18f46k20_a-pic18f46k20.asm
               _TRISBbits   0x000f93       data     extern libdev18f46k20_a-pic18f46k20.asm
                    _DDRC   0x000f94       data     extern libdev18f46k20_a-pic18f46k20.asm
                _DDRCbits   0x000f94       data     extern libdev18f46k20_a-pic18f46k20.asm
                   _TRISC   0x000f94       data     extern libdev18f46k20_a-pic18f46k20.asm
               _TRISCbits   0x000f94       data     extern libdev18f46k20_a-pic18f46k20.asm
                    _DDRD   0x000f95       data     extern libdev18f46k20_a-pic18f46k20.asm
                _DDRDbits   0x000f95       data     extern libdev18f46k20_a-pic18f46k20.asm
                   _TRISD   0x000f95       data     extern libdev18f46k20_a-pic18f46k20.asm
               _TRISDbits   0x000f95       data     extern libdev18f46k20_a-pic18f46k20.asm
                    _DDRE   0x000f96       data     extern libdev18f46k20_a-pic18f46k20.asm
                _DDREbits   0x000f96       data     extern libdev18f46k20_a-pic18f46k20.asm
                   _TRISE   0x000f96       data     extern libdev18f46k20_a-pic18f46k20.asm
               _TRISEbits   0x000f96       data     extern libdev18f46k20_a-pic18f46k20.asm
                 _OSCTUNE   0x000f9b       data     extern libdev18f46k20_a-pic18f46k20.asm
             _OSCTUNEbits   0x000f9b       data     extern libdev18f46k20_a-pic18f46k20.asm
                    _PIE1   0x000f9d       data     extern libdev18f46k20_a-pic18f46k20.asm
                _PIE1bits   0x000f9d       data     extern libdev18f46k20_a-pic18f46k20.asm
                    _PIR1   0x000f9e       data     extern libdev18f46k20_a-pic18f46k20.asm
                _PIR1bits   0x000f9e       data     extern libdev18f46k20_a-pic18f46k20.asm
                    _IPR1   0x000f9f       data     extern libdev18f46k20_a-pic18f46k20.asm
                _IPR1bits   0x000f9f       data     extern libdev18f46k20_a-pic18f46k20.asm
                    _PIE2   0x000fa0       data     extern libdev18f46k20_a-pic18f46k20.asm
                _PIE2bits   0x000fa0       data     extern libdev18f46k20_a-pic18f46k20.asm
                    _PIR2   0x000fa1       data     extern libdev18f46k20_a-pic18f46k20.asm
                _PIR2bits   0x000fa1       data     extern libdev18f46k20_a-pic18f46k20.asm
                    _IPR2   0x000fa2       data     extern libdev18f46k20_a-pic18f46k20.asm
                _IPR2bits   0x000fa2       data     extern libdev18f46k20_a-pic18f46k20.asm
                  _EECON1   0x000fa6       data     extern libdev18f46k20_a-pic18f46k20.asm
              _EECON1bits   0x000fa6       data     extern libdev18f46k20_a-pic18f46k20.asm
                  _EECON2   0x000fa7       data     extern libdev18f46k20_a-pic18f46k20.asm
                  _EEDATA   0x000fa8       data     extern libdev18f46k20_a-pic18f46k20.asm
                   _EEADR   0x000fa9       data     extern libdev18f46k20_a-pic18f46k20.asm
               _EEADRbits   0x000fa9       data     extern libdev18f46k20_a-pic18f46k20.asm
                  _EEADRH   0x000faa       data     extern libdev18f46k20_a-pic18f46k20.asm
              _EEADRHbits   0x000faa       data     extern libdev18f46k20_a-pic18f46k20.asm
                   _RCSTA   0x000fab       data     extern libdev18f46k20_a-pic18f46k20.asm
               _RCSTAbits   0x000fab       data     extern libdev18f46k20_a-pic18f46k20.asm
                   _TXSTA   0x000fac       data     extern libdev18f46k20_a-pic18f46k20.asm
               _TXSTAbits   0x000fac       data     extern libdev18f46k20_a-pic18f46k20.asm
                   _TXREG   0x000fad       data     extern libdev18f46k20_a-pic18f46k20.asm
                   _RCREG   0x000fae       data     extern libdev18f46k20_a-pic18f46k20.asm
                   _SPBRG   0x000faf       data     extern libdev18f46k20_a-pic18f46k20.asm
                  _SPBRGH   0x000fb0       data     extern libdev18f46k20_a-pic18f46k20.asm
                   _T3CON   0x000fb1       data     extern libdev18f46k20_a-pic18f46k20.asm
               _T3CONbits   0x000fb1       data     extern libdev18f46k20_a-pic18f46k20.asm
                    _TMR3   0x000fb2       data     extern libdev18f46k20_a-pic18f46k20.asm
                   _TMR3L   0x000fb2       data     extern libdev18f46k20_a-pic18f46k20.asm
                   _TMR3H   0x000fb3       data     extern libdev18f46k20_a-pic18f46k20.asm
                 _CVRCON2   0x000fb4       data     extern libdev18f46k20_a-pic18f46k20.asm
             _CVRCON2bits   0x000fb4       data     extern libdev18f46k20_a-pic18f46k20.asm
                  _CVRCON   0x000fb5       data     extern libdev18f46k20_a-pic18f46k20.asm
              _CVRCONbits   0x000fb5       data     extern libdev18f46k20_a-pic18f46k20.asm
                 _ECCP1AS   0x000fb6       data     extern libdev18f46k20_a-pic18f46k20.asm
             _ECCP1ASbits   0x000fb6       data     extern libdev18f46k20_a-pic18f46k20.asm
                 _PWM1CON   0x000fb7       data     extern libdev18f46k20_a-pic18f46k20.asm
             _PWM1CONbits   0x000fb7       data     extern libdev18f46k20_a-pic18f46k20.asm
                 _BAUDCON   0x000fb8       data     extern libdev18f46k20_a-pic18f46k20.asm
             _BAUDCONbits   0x000fb8       data     extern libdev18f46k20_a-pic18f46k20.asm
                 _BAUDCTL   0x000fb8       data     extern libdev18f46k20_a-pic18f46k20.asm
             _BAUDCTLbits   0x000fb8       data     extern libdev18f46k20_a-pic18f46k20.asm
                 _PSTRCON   0x000fb9       data     extern libdev18f46k20_a-pic18f46k20.asm
             _PSTRCONbits   0x000fb9       data     extern libdev18f46k20_a-pic18f46k20.asm
                 _CCP2CON   0x000fba       data     extern libdev18f46k20_a-pic18f46k20.asm
             _CCP2CONbits   0x000fba       data     extern libdev18f46k20_a-pic18f46k20.asm
                   _CCPR2   0x000fbb       data     extern libdev18f46k20_a-pic18f46k20.asm
                  _CCPR2L   0x000fbb       data     extern libdev18f46k20_a-pic18f46k20.asm
                  _CCPR2H   0x000fbc       data     extern libdev18f46k20_a-pic18f46k20.asm
                 _CCP1CON   0x000fbd       data     extern libdev18f46k20_a-pic18f46k20.asm
             _CCP1CONbits   0x000fbd       data     extern libdev18f46k20_a-pic18f46k20.asm
                   _CCPR1   0x000fbe       data     extern libdev18f46k20_a-pic18f46k20.asm
                  _CCPR1L   0x000fbe       data     extern libdev18f46k20_a-pic18f46k20.asm
                  _CCPR1H   0x000fbf       data     extern libdev18f46k20_a-pic18f46k20.asm
                  _ADCON2   0x000fc0       data     extern libdev18f46k20_a-pic18f46k20.asm
              _ADCON2bits   0x000fc0       data     extern libdev18f46k20_a-pic18f46k20.asm
                  _ADCON1   0x000fc1       data     extern libdev18f46k20_a-pic18f46k20.asm
              _ADCON1bits   0x000fc1       data     extern libdev18f46k20_a-pic18f46k20.asm
                  _ADCON0   0x000fc2       data     extern libdev18f46k20_a-pic18f46k20.asm
              _ADCON0bits   0x000fc2       data     extern libdev18f46k20_a-pic18f46k20.asm
                   _ADRES   0x000fc3       data     extern libdev18f46k20_a-pic18f46k20.asm
                  _ADRESL   0x000fc3       data     extern libdev18f46k20_a-pic18f46k20.asm
                  _ADRESH   0x000fc4       data     extern libdev18f46k20_a-pic18f46k20.asm
                 _SSPCON2   0x000fc5       data     extern libdev18f46k20_a-pic18f46k20.asm
             _SSPCON2bits   0x000fc5       data     extern libdev18f46k20_a-pic18f46k20.asm
                 _SSPCON1   0x000fc6       data     extern libdev18f46k20_a-pic18f46k20.asm
             _SSPCON1bits   0x000fc6       data     extern libdev18f46k20_a-pic18f46k20.asm
                 _SSPSTAT   0x000fc7       data     extern libdev18f46k20_a-pic18f46k20.asm
             _SSPSTATbits   0x000fc7       data     extern libdev18f46k20_a-pic18f46k20.asm
                  _SSPADD   0x000fc8       data     extern libdev18f46k20_a-pic18f46k20.asm
                  _SSPBUF   0x000fc9       data     extern libdev18f46k20_a-pic18f46k20.asm
                   _T2CON   0x000fca       data     extern libdev18f46k20_a-pic18f46k20.asm
               _T2CONbits   0x000fca       data     extern libdev18f46k20_a-pic18f46k20.asm
                     _PR2   0x000fcb       data     extern libdev18f46k20_a-pic18f46k20.asm
                    _TMR2   0x000fcc       data     extern libdev18f46k20_a-pic18f46k20.asm
                   _T1CON   0x000fcd       data     extern libdev18f46k20_a-pic18f46k20.asm
               _T1CONbits   0x000fcd       data     extern libdev18f46k20_a-pic18f46k20.asm
                    _TMR1   0x000fce       data     extern libdev18f46k20_a-pic18f46k20.asm
                   _TMR1L   0x000fce       data     extern libdev18f46k20_a-pic18f46k20.asm
                   _TMR1H   0x000fcf       data     extern libdev18f46k20_a-pic18f46k20.asm
                    _RCON   0x000fd0       data     extern libdev18f46k20_a-pic18f46k20.asm
                _RCONbits   0x000fd0       data     extern libdev18f46k20_a-pic18f46k20.asm
                  _WDTCON   0x000fd1       data     extern libdev18f46k20_a-pic18f46k20.asm
              _WDTCONbits   0x000fd1       data     extern libdev18f46k20_a-pic18f46k20.asm
                 _HLVDCON   0x000fd2       data     extern libdev18f46k20_a-pic18f46k20.asm
             _HLVDCONbits   0x000fd2       data     extern libdev18f46k20_a-pic18f46k20.asm
                  _LVDCON   0x000fd2       data     extern libdev18f46k20_a-pic18f46k20.asm
              _LVDCONbits   0x000fd2       data     extern libdev18f46k20_a-pic18f46k20.asm
                  _OSCCON   0x000fd3       data     extern libdev18f46k20_a-pic18f46k20.asm
              _OSCCONbits   0x000fd3       data     extern libdev18f46k20_a-pic18f46k20.asm
                   _T0CON   0x000fd5       data     extern libdev18f46k20_a-pic18f46k20.asm
               _T0CONbits   0x000fd5       data     extern libdev18f46k20_a-pic18f46k20.asm
                    _TMR0   0x000fd6       data     extern libdev18f46k20_a-pic18f46k20.asm
                   _TMR0L   0x000fd6       data     extern libdev18f46k20_a-pic18f46k20.asm
                   _TMR0H   0x000fd7       data     extern libdev18f46k20_a-pic18f46k20.asm
                  _STATUS   0x000fd8       data     extern libdev18f46k20_a-pic18f46k20.asm
              _STATUSbits   0x000fd8       data     extern libdev18f46k20_a-pic18f46k20.asm
                   _FSR2L   0x000fd9       data     extern libdev18f46k20_a-pic18f46k20.asm
                   _FSR2H   0x000fda       data     extern libdev18f46k20_a-pic18f46k20.asm
                  _PLUSW2   0x000fdb       data     extern libdev18f46k20_a-pic18f46k20.asm
                 _PREINC2   0x000fdc       data     extern libdev18f46k20_a-pic18f46k20.asm
                _POSTDEC2   0x000fdd       data     extern libdev18f46k20_a-pic18f46k20.asm
                _POSTINC2   0x000fde       data     extern libdev18f46k20_a-pic18f46k20.asm
                   _INDF2   0x000fdf       data     extern libdev18f46k20_a-pic18f46k20.asm
                     _BSR   0x000fe0       data     extern libdev18f46k20_a-pic18f46k20.asm
                   _FSR1L   0x000fe1       data     extern libdev18f46k20_a-pic18f46k20.asm
                   _FSR1H   0x000fe2       data     extern libdev18f46k20_a-pic18f46k20.asm
                  _PLUSW1   0x000fe3       data     extern libdev18f46k20_a-pic18f46k20.asm
                 _PREINC1   0x000fe4       data     extern libdev18f46k20_a-pic18f46k20.asm
                _POSTDEC1   0x000fe5       data     extern libdev18f46k20_a-pic18f46k20.asm
                _POSTINC1   0x000fe6       data     extern libdev18f46k20_a-pic18f46k20.asm
                   _INDF1   0x000fe7       data     extern libdev18f46k20_a-pic18f46k20.asm
                    _WREG   0x000fe8       data     extern libdev18f46k20_a-pic18f46k20.asm
                   _FSR0L   0x000fe9       data     extern libdev18f46k20_a-pic18f46k20.asm
                   _FSR0H   0x000fea       data     extern libdev18f46k20_a-pic18f46k20.asm
                  _PLUSW0   0x000feb       data     extern libdev18f46k20_a-pic18f46k20.asm
                 _PREINC0   0x000fec       data     extern libdev18f46k20_a-pic18f46k20.asm
                _POSTDEC0   0x000fed       data     extern libdev18f46k20_a-pic18f46k20.asm
                _POSTINC0   0x000fee       data     extern libdev18f46k20_a-pic18f46k20.asm
                   _INDF0   0x000fef       data     extern libdev18f46k20_a-pic18f46k20.asm
                 _INTCON3   0x000ff0       data     extern libdev18f46k20_a-pic18f46k20.asm
             _INTCON3bits   0x000ff0       data     extern libdev18f46k20_a-pic18f46k20.asm
                 _INTCON2   0x000ff1       data     extern libdev18f46k20_a-pic18f46k20.asm
             _INTCON2bits   0x000ff1       data     extern libdev18f46k20_a-pic18f46k20.asm
                  _INTCON   0x000ff2       data     extern libdev18f46k20_a-pic18f46k20.asm
              _INTCONbits   0x000ff2       data     extern libdev18f46k20_a-pic18f46k20.asm
                    _PROD   0x000ff3       data     extern libdev18f46k20_a-pic18f46k20.asm
                   _PRODL   0x000ff3       data     extern libdev18f46k20_a-pic18f46k20.asm
                   _PRODH   0x000ff4       data     extern libdev18f46k20_a-pic18f46k20.asm
                  _TABLAT   0x000ff5       data     extern libdev18f46k20_a-pic18f46k20.asm
                  _TBLPTR   0x000ff6       data     extern libdev18f46k20_a-pic18f46k20.asm
                 _TBLPTRL   0x000ff6       data     extern libdev18f46k20_a-pic18f46k20.asm
                 _TBLPTRH   0x000ff7       data     extern libdev18f46k20_a-pic18f46k20.asm
                 _TBLPTRU   0x000ff8       data     extern libdev18f46k20_a-pic18f46k20.asm
                      _PC   0x000ff9       data     extern libdev18f46k20_a-pic18f46k20.asm
                     _PCL   0x000ff9       data     extern libdev18f46k20_a-pic18f46k20.asm
                  _PCLATH   0x000ffa       data     extern libdev18f46k20_a-pic18f46k20.asm
                  _PCLATU   0x000ffb       data     extern libdev18f46k20_a-pic18f46k20.asm
                  _STKPTR   0x000ffc       data     extern libdev18f46k20_a-pic18f46k20.asm
              _STKPTRbits   0x000ffc       data     extern libdev18f46k20_a-pic18f46k20.asm
                     _TOS   0x000ffd       data     extern libdev18f46k20_a-pic18f46k20.asm
                    _TOSL   0x000ffd       data     extern libdev18f46k20_a-pic18f46k20.asm
                    _TOSH   0x000ffe       data     extern libdev18f46k20_a-pic18f46k20.asm
                    _TOSU   0x000fff       data     extern libdev18f46k20_a-pic18f46k20.asm
                   _stack   0x000700       data     extern /home/sdcc-builder/build/sdcc-build/orig/sdcc/device/lib/pic16/libsdcc/stack/stack.S
               _stack_end   0x0007ff       data     extern /home/sdcc-builder/build/sdcc-build/orig/sdcc/device/lib/pic16/libsdcc/stack/stack.S
                   _cinit   0x000172    program     extern mce3.c
 
