gplink-0.14.2 #711 (Jul 26 2012)
Map File - Created 2-9-2013  09:41:49
 
                                 Section Info
                  Section       Type    Address   Location Size(Bytes)
                ---------  ---------  ---------  ---------  ---------
                  STARTUP       code   00000000    program   0x000008
               code_idata       code   0x000004    program   0x000138
                code_pic2       code   0x0000a0    program   0x000072
                    .code       code   0x0000d9    program   0x000068
                   .cinit       code   0x00010d    program   0x000010
             ID_idata_0_i       code   0x000115    program   0x000002
                  .config       code   0x002007    program   0x000002
               ID_idata_0      idata   0x00002d       data   0x000001
       UD_abs_pic16f877_0      udata   00000000       data   0x000001
       UD_abs_pic16f877_1      udata   0x000001       data   0x000001
       UD_abs_pic16f877_2      udata   0x000002       data   0x000001
       UD_abs_pic16f877_3      udata   0x000003       data   0x000001
       UD_abs_pic16f877_4      udata   0x000004       data   0x000001
       UD_abs_pic16f877_5      udata   0x000005       data   0x000001
       UD_abs_pic16f877_6      udata   0x000006       data   0x000001
       UD_abs_pic16f877_7      udata   0x000007       data   0x000001
       UD_abs_pic16f877_8      udata   0x000008       data   0x000001
       UD_abs_pic16f877_9      udata   0x000009       data   0x000001
       UD_abs_pic16f877_a      udata   0x00000a       data   0x000001
       UD_abs_pic16f877_b      udata   0x00000b       data   0x000001
       UD_abs_pic16f877_c      udata   0x00000c       data   0x000001
       UD_abs_pic16f877_d      udata   0x00000d       data   0x000001
       UD_abs_pic16f877_e      udata   0x00000e       data   0x000001
       UD_abs_pic16f877_f      udata   0x00000f       data   0x000001
      UD_abs_pic16f877_10      udata   0x000010       data   0x000001
      UD_abs_pic16f877_11      udata   0x000011       data   0x000001
      UD_abs_pic16f877_12      udata   0x000012       data   0x000001
      UD_abs_pic16f877_13      udata   0x000013       data   0x000001
      UD_abs_pic16f877_14      udata   0x000014       data   0x000001
      UD_abs_pic16f877_15      udata   0x000015       data   0x000001
      UD_abs_pic16f877_16      udata   0x000016       data   0x000001
      UD_abs_pic16f877_17      udata   0x000017       data   0x000001
      UD_abs_pic16f877_18      udata   0x000018       data   0x000001
      UD_abs_pic16f877_19      udata   0x000019       data   0x000001
      UD_abs_pic16f877_1a      udata   0x00001a       data   0x000001
      UD_abs_pic16f877_1b      udata   0x00001b       data   0x000001
      UD_abs_pic16f877_1c      udata   0x00001c       data   0x000001
      UD_abs_pic16f877_1d      udata   0x00001d       data   0x000001
      UD_abs_pic16f877_1e      udata   0x00001e       data   0x000001
      UD_abs_pic16f877_1f      udata   0x00001f       data   0x000001
              UDL_idata_0      udata   0x000020       data   0x00000c
               UDL_pic2_0      udata   0x00002c       data   0x000001
                sharebank      udata   0x000070       data   0x000010
      UD_abs_pic16f877_81      udata   0x000081       data   0x000001
      UD_abs_pic16f877_85      udata   0x000085       data   0x000001
      UD_abs_pic16f877_86      udata   0x000086       data   0x000001
      UD_abs_pic16f877_87      udata   0x000087       data   0x000001
      UD_abs_pic16f877_88      udata   0x000088       data   0x000001
      UD_abs_pic16f877_89      udata   0x000089       data   0x000001
      UD_abs_pic16f877_8c      udata   0x00008c       data   0x000001
      UD_abs_pic16f877_8d      udata   0x00008d       data   0x000001
      UD_abs_pic16f877_8e      udata   0x00008e       data   0x000001
      UD_abs_pic16f877_91      udata   0x000091       data   0x000001
      UD_abs_pic16f877_92      udata   0x000092       data   0x000001
      UD_abs_pic16f877_93      udata   0x000093       data   0x000001
      UD_abs_pic16f877_94      udata   0x000094       data   0x000001
      UD_abs_pic16f877_98      udata   0x000098       data   0x000001
      UD_abs_pic16f877_99      udata   0x000099       data   0x000001
      UD_abs_pic16f877_9e      udata   0x00009e       data   0x000001
      UD_abs_pic16f877_9f      udata   0x00009f       data   0x000001
     UD_abs_pic16f877_10c      udata   0x00010c       data   0x000001
     UD_abs_pic16f877_10d      udata   0x00010d       data   0x000001
     UD_abs_pic16f877_10e      udata   0x00010e       data   0x000001
     UD_abs_pic16f877_10f      udata   0x00010f       data   0x000001
     UD_abs_pic16f877_18c      udata   0x00018c       data   0x000001
     UD_abs_pic16f877_18d      udata   0x00018d       data   0x000001
 
                              Program Memory Usage
                               Start         End
                           ---------   ---------
                            0x002007    0x002007
                            00000000    0x000003
                            0x0000a0    0x0000d8
                            0x000115    0x000115
                            0x000004    0x00009f
                            0x0000d9    0x00010c
                            0x00010d    0x000114
 
                            279 program addresses used
 
                              Symbols
                     Name    Address   Location    Storage File
                ---------  ---------  ---------  --------- ---------
                    PSAVE   0x000070       data     extern pic2.c
                    SSAVE   0x000071       data     extern pic2.c
                    WSAVE   0x000072       data     extern pic2.c
                    STK12   0x000073       data     extern pic2.c
                    STK11   0x000074       data     extern pic2.c
                    STK10   0x000075       data     extern pic2.c
                    STK09   0x000076       data     extern pic2.c
                    STK08   0x000077       data     extern pic2.c
                    STK07   0x000078       data     extern pic2.c
                    STK06   0x000079       data     extern pic2.c
                    STK05   0x00007a       data     extern pic2.c
                    STK04   0x00007b       data     extern pic2.c
                    STK03   0x00007c       data     extern pic2.c
                    STK02   0x00007d       data     extern pic2.c
                    STK01   0x00007e       data     extern pic2.c
                    STK00   0x00007f       data     extern pic2.c
                  r0x1000   0x00002c       data     static pic2.c
                    _main   0x0000a0    program     extern pic2.c
               _00109_DS_   0x0000c0    program     static pic2.c
               _00106_DS_   0x0000d4    program     static pic2.c
                  r0x1001   0x000020       data     static idata.asm
                  r0x1000   0x000021       data     static idata.asm
                  r0x1002   0x000022       data     static idata.asm
                  r0x1003   0x000023       data     static idata.asm
                  r0x1004   0x000024       data     static idata.asm
                  r0x1005   0x000025       data     static idata.asm
                  r0x1007   0x000026       data     static idata.asm
                  r0x1006   0x000027       data     static idata.asm
                  r0x1009   0x000028       data     static idata.asm
                  r0x1008   0x000029       data     static idata.asm
                  r0x100B   0x00002a       data     static idata.asm
                  r0x100A   0x00002b       data     static idata.asm
             _force_cinit   0x00002d       data     static idata.asm
    __sdcc_gsinit_startup   0x000004    program     extern idata.asm
         _code_idata_0008   0x00000c    program     static idata.asm
               _00108_DS_   0x000017    program     static idata.asm
         _code_idata_0030   0x000034    program     static idata.asm
         _code_idata_003F   0x000043    program     static idata.asm
         _code_idata_0057   0x00005b    program     static idata.asm
               _00105_DS_   0x000064    program     static idata.asm
         _code_idata_0076   0x00007a    program     static idata.asm
               _00107_DS_   0x000095    program     static idata.asm
               _00110_DS_   0x00009c    program     static idata.asm
                __gptrget   0x0000d9    program     extern /home/sdcc-builder/build/sdcc-build/orig/sdcc/device/lib/pic14/libsdcc/regular/_gptrget1.S
               __gptrget1   0x0000d9    program     extern /home/sdcc-builder/build/sdcc-build/orig/sdcc/device/lib/pic14/libsdcc/regular/_gptrget1.S
            __dataptrget1   0x0000e0    program     static /home/sdcc-builder/build/sdcc-build/orig/sdcc/device/lib/pic14/libsdcc/regular/_gptrget1.S
            __codeptrget1   0x0000e7    program     extern /home/sdcc-builder/build/sdcc-build/orig/sdcc/device/lib/pic14/libsdcc/regular/_gptrget1.S
               __gptrget2   0x0000ec    program     extern /home/sdcc-builder/build/sdcc-build/orig/sdcc/device/lib/pic14/libsdcc/regular/_gptrget2.S
            __dataptrget2   0x0000f4    program     static /home/sdcc-builder/build/sdcc-build/orig/sdcc/device/lib/pic14/libsdcc/regular/_gptrget2.S
            __codeptrget2   0x0000fe    program     static /home/sdcc-builder/build/sdcc-build/orig/sdcc/device/lib/pic14/libsdcc/regular/_gptrget2.S
                    _INDF   00000000       data     extern pic16f877.asm
                    _TMR0   0x000001       data     extern pic16f877.asm
                     _PCL   0x000002       data     extern pic16f877.asm
              _STATUSbits   0x000003       data     extern pic16f877.asm
                  _STATUS   0x000003       data     extern pic16f877.asm
                     _FSR   0x000004       data     extern pic16f877.asm
               _PORTAbits   0x000005       data     extern pic16f877.asm
                   _PORTA   0x000005       data     extern pic16f877.asm
               _PORTBbits   0x000006       data     extern pic16f877.asm
                   _PORTB   0x000006       data     extern pic16f877.asm
               _PORTCbits   0x000007       data     extern pic16f877.asm
                   _PORTC   0x000007       data     extern pic16f877.asm
               _PORTDbits   0x000008       data     extern pic16f877.asm
                   _PORTD   0x000008       data     extern pic16f877.asm
               _PORTEbits   0x000009       data     extern pic16f877.asm
                   _PORTE   0x000009       data     extern pic16f877.asm
                  _PCLATH   0x00000a       data     extern pic16f877.asm
              _INTCONbits   0x00000b       data     extern pic16f877.asm
                  _INTCON   0x00000b       data     extern pic16f877.asm
                _PIR1bits   0x00000c       data     extern pic16f877.asm
                    _PIR1   0x00000c       data     extern pic16f877.asm
                _PIR2bits   0x00000d       data     extern pic16f877.asm
                    _PIR2   0x00000d       data     extern pic16f877.asm
                   _TMR1L   0x00000e       data     extern pic16f877.asm
                   _TMR1H   0x00000f       data     extern pic16f877.asm
               _T1CONbits   0x000010       data     extern pic16f877.asm
                   _T1CON   0x000010       data     extern pic16f877.asm
                    _TMR2   0x000011       data     extern pic16f877.asm
               _T2CONbits   0x000012       data     extern pic16f877.asm
                   _T2CON   0x000012       data     extern pic16f877.asm
                  _SSPBUF   0x000013       data     extern pic16f877.asm
              _SSPCONbits   0x000014       data     extern pic16f877.asm
                  _SSPCON   0x000014       data     extern pic16f877.asm
                  _CCPR1L   0x000015       data     extern pic16f877.asm
                  _CCPR1H   0x000016       data     extern pic16f877.asm
             _CCP1CONbits   0x000017       data     extern pic16f877.asm
                 _CCP1CON   0x000017       data     extern pic16f877.asm
               _RCSTAbits   0x000018       data     extern pic16f877.asm
                   _RCSTA   0x000018       data     extern pic16f877.asm
                   _TXREG   0x000019       data     extern pic16f877.asm
                   _RCREG   0x00001a       data     extern pic16f877.asm
                  _CCPR2L   0x00001b       data     extern pic16f877.asm
                  _CCPR2H   0x00001c       data     extern pic16f877.asm
             _CCP2CONbits   0x00001d       data     extern pic16f877.asm
                 _CCP2CON   0x00001d       data     extern pic16f877.asm
                  _ADRESH   0x00001e       data     extern pic16f877.asm
              _ADCON0bits   0x00001f       data     extern pic16f877.asm
                  _ADCON0   0x00001f       data     extern pic16f877.asm
          _OPTION_REGbits   0x000081       data     extern pic16f877.asm
              _OPTION_REG   0x000081       data     extern pic16f877.asm
               _TRISAbits   0x000085       data     extern pic16f877.asm
                   _TRISA   0x000085       data     extern pic16f877.asm
               _TRISBbits   0x000086       data     extern pic16f877.asm
                   _TRISB   0x000086       data     extern pic16f877.asm
               _TRISCbits   0x000087       data     extern pic16f877.asm
                   _TRISC   0x000087       data     extern pic16f877.asm
               _TRISDbits   0x000088       data     extern pic16f877.asm
                   _TRISD   0x000088       data     extern pic16f877.asm
               _TRISEbits   0x000089       data     extern pic16f877.asm
                   _TRISE   0x000089       data     extern pic16f877.asm
                _PIE1bits   0x00008c       data     extern pic16f877.asm
                    _PIE1   0x00008c       data     extern pic16f877.asm
                _PIE2bits   0x00008d       data     extern pic16f877.asm
                    _PIE2   0x00008d       data     extern pic16f877.asm
                _PCONbits   0x00008e       data     extern pic16f877.asm
                    _PCON   0x00008e       data     extern pic16f877.asm
             _SSPCON2bits   0x000091       data     extern pic16f877.asm
                 _SSPCON2   0x000091       data     extern pic16f877.asm
                     _PR2   0x000092       data     extern pic16f877.asm
                  _SSPADD   0x000093       data     extern pic16f877.asm
             _SSPSTATbits   0x000094       data     extern pic16f877.asm
                 _SSPSTAT   0x000094       data     extern pic16f877.asm
               _TXSTAbits   0x000098       data     extern pic16f877.asm
                   _TXSTA   0x000098       data     extern pic16f877.asm
                   _SPBRG   0x000099       data     extern pic16f877.asm
                  _ADRESL   0x00009e       data     extern pic16f877.asm
              _ADCON1bits   0x00009f       data     extern pic16f877.asm
                  _ADCON1   0x00009f       data     extern pic16f877.asm
                  _EEDATA   0x00010c       data     extern pic16f877.asm
                   _EEADR   0x00010d       data     extern pic16f877.asm
                  _EEDATH   0x00010e       data     extern pic16f877.asm
                  _EEADRH   0x00010f       data     extern pic16f877.asm
              _EECON1bits   0x00018c       data     extern pic16f877.asm
                  _EECON1   0x00018c       data     extern pic16f877.asm
                  _EECON2   0x00018d       data     extern pic16f877.asm
                   _cinit   0x00010d    program     extern pic2.c
 
