HI-TECH Software PICC-18 Compiler V9.80 ()

Linker command line:

--edf=/usr/hitech/picc-18/9.80/dat/en_msgs.txt -cs -h+ejemploC18_1.sym -z \
  -Q18F46K20 -ol.obj -MejemploC18_1.map -E1 -ver=PICC-18 -ACODE=018h-0FFFFh \
  -ACONST=018h-0FFFFh -ASMALLCONST=01000h-010FFhx240 \
  -AMEDIUMCONST=01000h-0FFFFh -ACOMRAM=01h-05Fh -AABS1=00h-0F5Fh \
  -ABIGRAM=01h-0F5Fh -ARAM=060h-0FFh,0100h-01FFhx14,0F00h-0F5Fh \
  -ABANK0=060h-0FFh -ABANK1=0100h-01FFh -ABANK2=0200h-02FFh \
  -ABANK3=0300h-03FFh -ABANK4=0400h-04FFh -ABANK5=0500h-05FFh \
  -ABANK6=0600h-06FFh -ABANK7=0700h-07FFh -ABANK8=0800h-08FFh \
  -ABANK9=0900h-09FFh -ABANK10=0A00h-0AFFh -ABANK11=0B00h-0BFFh \
  -ABANK12=0C00h-0CFFh -ABANK13=0D00h-0DFFh -ABANK14=0E00h-0EFFh \
  -ABANK15=0F00h-0F5Fh -ASFR=0F60h-0FFFh \
  -preset_vec=00h,intcode,intcodelo,powerup,init,end_init -pramtop=01000h \
  -psmallconst=SMALLCONST -pmediumconst=MEDIUMCONST -pconst=CONST \
  -AFARRAM=00h-00h -ACONFIG=0300000h-030000Dh -pconfig=CONFIG \
  -AIDLOC=0200000h-0200007h -pidloc=IDLOC -AEEDATA=0F00000h-0F003FFh \
  -peeprom_data=EEDATA \
  -prdata=COMRAM,nvrram=COMRAM,nvbit=COMRAM,rbss=COMRAM,rbit=COMRAM \
  -pfarbss=FARRAM,fardata=FARRAM \
  -pintsave_regs=BIGRAM,bigbss=BIGRAM,bigdata=BIGRAM -pbss=RAM \
  -pidata=CODE,irdata=CODE,ibigdata=CODE,ifardata=CODE startup.obj \
  ejemploC18_1.obj 

Object code version is 3.10

Machine type is 18F46K20

Call graph: (short form)




                Name          Link     Load   Length Selector   Space       Scale
startup.obj     end_init         0        0        4       0     0
                config      300000   300000        E  300000     0
ejemploC18_1.obj
                cinit         FFE2     FFE2        6    7FF1     0
                text0         FFE8     FFE8       18    7FF4     0

TOTAL           Name          Link     Load   Length     Space
        CLASS   CODE           
                end_init         0        0        4     0
                cinit         FFE2     FFE2        6     0
                text0         FFE8     FFE8       18     0

        CLASS   CONST          

        CLASS   SMALLCONST     

        CLASS   MEDIUMCONST    

        CLASS   COMRAM         

        CLASS   ABS1           

        CLASS   BIGRAM         

        CLASS   RAM            

        CLASS   BANK0          

        CLASS   BANK1          

        CLASS   BANK2          

        CLASS   BANK3          

        CLASS   BANK4          

        CLASS   BANK5          

        CLASS   BANK6          

        CLASS   BANK7          

        CLASS   BANK8          

        CLASS   BANK9          

        CLASS   BANK10         

        CLASS   BANK11         

        CLASS   BANK12         

        CLASS   BANK13         

        CLASS   BANK14         

        CLASS   BANK15         

        CLASS   SFR            

        CLASS   FARRAM         

        CLASS   CONFIG         
                config      300000   300000        E     0

        CLASS   IDLOC          

        CLASS   EEDATA         



SEGMENTS        Name            Load    Length   Top    Selector   Space  Class

                reset_vec       000000  000004  000004         0       0  CODE    
                cinit           00FFE2  000006  00FFE8      7FF1       0  CODE    
                text0           00FFE8  000018  010000      7FF4       0  CODE    
                config          300000  00000E  30000E    300000       0  CONFIG  


UNUSED ADDRESS RANGES

        Name                Unused          Largest block    Delta
        BANK0            000060-0000FF               A0
        BANK1            000100-0001FF              100
        BANK10           000A00-000AFF              100
        BANK11           000B00-000BFF              100
        BANK12           000C00-000CFF              100
        BANK13           000D00-000DFF              100
        BANK14           000E00-000EFF              100
        BANK15           000F00-000F5F               60
        BANK2            000200-0002FF              100
        BANK3            000300-0003FF              100
        BANK4            000400-0004FF              100
        BANK5            000500-0005FF              100
        BANK6            000600-0006FF              100
        BANK7            000700-0007FF              100
        BANK8            000800-0008FF              100
        BANK9            000900-0009FF              100
        BIGRAM           000001-000F5F              F5F
        CODE             000018-00FFE1             FFCA
        COMRAM           000001-00005F               5F
        CONST            000018-00FFE1             FFCA
        EEDATA           F00000-F003FF              400
        IDLOC            200000-200007                8
        MEDIUMCONST      001000-00FFE1             EFE2
        RAM              000060-000F5F              100
        SFR              000F60-000FFF               A0
        SMALLCONST       001000-00FFE1              100

                                  Symbol Table

??_main               cstackCOMRAM 000000
?_main                cstackCOMRAM 000000
_ADCON1               (abs)        000FC1
_ANSEL                (abs)        000F7E
_ANSELH               (abs)        000F7F
_LATBbits             (abs)        000F8A
_TRISB                (abs)        000F93
__CFG_BOREN$OFF       (abs)        000000
__CFG_BORV$30         (abs)        000000
__CFG_CCP2MX$PORTC    (abs)        000000
__CFG_CP0$OFF         (abs)        000000
__CFG_CP1$OFF         (abs)        000000
__CFG_CP2$OFF         (abs)        000000
__CFG_CP3$OFF         (abs)        000000
__CFG_CPB$OFF         (abs)        000000
__CFG_CPD$OFF         (abs)        000000
__CFG_EBTR0$OFF       (abs)        000000
__CFG_EBTR1$OFF       (abs)        000000
__CFG_EBTR2$OFF       (abs)        000000
__CFG_EBTR3$OFF       (abs)        000000
__CFG_EBTRB$OFF       (abs)        000000
__CFG_FCMEN$OFF       (abs)        000000
__CFG_FOSC$HS         (abs)        000000
__CFG_IESO$OFF        (abs)        000000
__CFG_LPT1OSC$OFF     (abs)        000000
__CFG_LVP$OFF         (abs)        000000
__CFG_MCLRE$ON        (abs)        000000
__CFG_PBADEN$OFF      (abs)        000000
__CFG_PWRT$OFF        (abs)        000000
__CFG_STVREN$ON       (abs)        000000
__CFG_WDTEN$OFF       (abs)        000000
__CFG_WDTPS$32768     (abs)        000000
__CFG_WRT0$OFF        (abs)        000000
__CFG_WRT1$OFF        (abs)        000000
__CFG_WRT2$OFF        (abs)        000000
__CFG_WRT3$OFF        (abs)        000000
__CFG_WRTB$OFF        (abs)        000000
__CFG_WRTC$OFF        (abs)        000000
__CFG_WRTD$OFF        (abs)        000000
__CFG_XINST$OFF       (abs)        000000
__HRAM                (abs)        000000
__Habs1               abs1         000000
__Hbank0              bank0        000000
__Hbank1              bank1        000000
__Hbank10             bank10       000000
__Hbank11             bank11       000000
__Hbank12             bank12       000000
__Hbank13             bank13       000000
__Hbank14             bank14       000000
__Hbank15             bank15       000000
__Hbank2              bank2        000000
__Hbank3              bank3        000000
__Hbank4              bank4        000000
__Hbank5              bank5        000000
__Hbank6              bank6        000000
__Hbank7              bank7        000000
__Hbank8              bank8        000000
__Hbank9              bank9        000000
__Hbigbss             bigbss       000000
__Hbigdata            bigdata      000000
__Hbigram             bigram       000000
__Hbss                bss          000000
__Hcinit              cinit        000000
__Hclrtext            clrtext      000000
__Hcomram             comram       000000
__Hconfig             config       30000E
__Hconst              const        000000
__HcstackCOMRAM       cstackCOMRAM 000000
__Hdata               data         000000
__Heeprom_data        eeprom_data  000000
__Hend_init           end_init     000004
__Hfarbss             farbss       000000
__Hfardata            fardata      000000
__Hibigdata           ibigdata     000000
__Hidata              idata        000000
__Hidloc              idloc        000000
__Hifardata           ifardata     000000
__Hinit               init         000000
__Hintcode            intcode      000000
__Hintcode_body       intcode_body 000000
__Hintcodelo          intcodelo    000000
__Hintentry           intentry     000000
__Hintret             intret       000000
__Hintsave_regs       intsave_regs 000000
__Hirdata             irdata       000000
__Hmediumconst        mediumconst  000000
__Hnvbit              nvbit        000000
__Hnvrram             nvrram       000000
__Hparam              rparam       000000
__Hpowerup            powerup      000000
__Hram                ram          000000
__Hramtop             ramtop       001000
__Hrbit               rbit         000000
__Hrbss               rbss         000000
__Hrdata              rdata        000000
__Hreset_vec          reset_vec    000000
__Hrparam             rparam       000000
__Hsfr                sfr          000000
__Hsmallconst         smallconst   000000
__Hstruct             struct       000000
__Htemp               temp         000000
__Htext               text         000000
__Htext0              text0        000000
__Htext1              text1        000000
__LRAM                (abs)        000001
__Labs1               abs1         000000
__Lbank0              bank0        000000
__Lbank1              bank1        000000
__Lbank10             bank10       000000
__Lbank11             bank11       000000
__Lbank12             bank12       000000
__Lbank13             bank13       000000
__Lbank14             bank14       000000
__Lbank15             bank15       000000
__Lbank2              bank2        000000
__Lbank3              bank3        000000
__Lbank4              bank4        000000
__Lbank5              bank5        000000
__Lbank6              bank6        000000
__Lbank7              bank7        000000
__Lbank8              bank8        000000
__Lbank9              bank9        000000
__Lbigbss             bigbss       000000
__Lbigdata            bigdata      000000
__Lbigram             bigram       000000
__Lbss                bss          000000
__Lcinit              cinit        000000
__Lclrtext            clrtext      000000
__Lcomram             comram       000000
__Lconfig             config       300000
__Lconst              const        000000
__LcstackCOMRAM       cstackCOMRAM 000000
__Ldata               data         000000
__Leeprom_data        eeprom_data  000000
__Lend_init           end_init     000000
__Lfarbss             farbss       000000
__Lfardata            fardata      000000
__Libigdata           ibigdata     000000
__Lidata              idata        000000
__Lidloc              idloc        000000
__Lifardata           ifardata     000000
__Linit               init         000000
__Lintcode            intcode      000000
__Lintcode_body       intcode_body 000000
__Lintcodelo          intcodelo    000000
__Lintentry           intentry     000000
__Lintret             intret       000000
__Lintsave_regs       intsave_regs 000000
__Lirdata             irdata       000000
__Lmediumconst        mediumconst  000000
__Lnvbit              nvbit        000000
__Lnvrram             nvrram       000000
__Lparam              rparam       000000
__Lpowerup            powerup      000000
__Lram                ram          000000
__Lramtop             ramtop       001000
__Lrbit               rbit         000000
__Lrbss               rbss         000000
__Lrdata              rdata        000000
__Lreset_vec          reset_vec    000000
__Lrparam             rparam       000000
__Lsfr                sfr          000000
__Lsmallconst         smallconst   000000
__Lstruct             struct       000000
__Ltemp               temp         000000
__Ltext               text         000000
__Ltext0              text0        000000
__Ltext1              text1        000000
__S0                  (abs)        30000E
__S1                  (abs)        000000
__accesstop           (abs)        000060
__activetblptr        (abs)        000000
__end_of_main         text0        010000
__mediumconst         mediumconst  000000
__pcinit              cinit        00FFE2
__pcstackCOMRAM       cstackCOMRAM 000000
__ptext0              text0        00FFE8
__ptext1              text1        000000
__ramtop              ramtop       001000
__size_of_main        (abs)        000000
__smallconst          smallconst   000000
_main                 text0        00FFE8
end_of_initialization cinit        00FFE2
intlevel0             text         000000
intlevel1             text         000000
intlevel2             text         000000
intlevel3             text         000000
start                 init         000000
start_initialization  cinit        00FFE2
